// Jest Snapshot v1, https://goo.gl/fbAQLP

exports[`Box render 1`] = `
<div
  className="sc-1e38spu-0 fSmcDz"
>
  Test
</div>
`;
