// Jest Snapshot v1, https://goo.gl/fbAQLP

exports[`Table renders correctly 1`] = `
<table
  className="sc-1e38spu-0 bINBjG"
>
  <thead
    className="sc-1e38spu-0 fSmcDz"
  >
    <tr
      className="sc-1e38spu-0 fSmcDz"
    >
      <th
        className="sc-1e38spu-0 gWLPXJ"
      >
        Agency
      </th>
      <th
        className="sc-1e38spu-0 gWLPXJ"
      >
        Country
      </th>
      <th
        className="sc-1e38spu-0 gWLPXJ"
      >
        Paid
      </th>
    </tr>
  </thead>
  <tr
    className="sc-1e38spu-0 fSmcDz"
  >
    <td
      className="sc-1e38spu-0 jsgcgA"
    >
      InmoMex
    </td>
    <td
      className="sc-1e38spu-0 jsgcgA"
    >
      Mexico
    </td>
    <td
      className="sc-1e38spu-0 jsgcgA"
    >
      Yes
    </td>
  </tr>
  <tr
    className="sc-1e38spu-0 fSmcDz"
  >
    <td
      className="sc-1e38spu-0 jsgcgA"
    >
      RGM
    </td>
    <td
      className="sc-1e38spu-0 jsgcgA"
    >
      Argentina
    </td>
    <td
      className="sc-1e38spu-0 jsgcgA"
    >
      Yes
    </td>
  </tr>
  <tr
    className="sc-1e38spu-0 fSmcDz"
  >
    <td
      className="sc-1e38spu-0 jsgcgA"
    >
      Urbania
    </td>
    <td
      className="sc-1e38spu-0 jsgcgA"
    >
      Peru
    </td>
    <td
      className="sc-1e38spu-0 jsgcgA"
    >
      Yes
    </td>
  </tr>
</table>
`;
