// Jest Snapshot v1, https://goo.gl/fbAQLP

exports[`Modal renders correctly 1`] = `
<div
  className="sc-1e38spu-0 gzwzhE"
>
  <div
    className="sc-1e38spu-0 bRgyvh"
  >
    <div
      className="sc-1e38spu-0 sc-1e38spu-1 gSyPoB"
    >
      This is the header
    </div>
    <div
      className="sc-1e38spu-0 dygjdb"
    >
      This is the body
    </div>
    <div
      className="sc-1e38spu-0 sc-1e38spu-1 lpaeLh"
    >
      This is the footer
    </div>
  </div>
</div>
`;
