// Jest Snapshot v1, https://goo.gl/fbAQLP

exports[`List renders correctly 1`] = `
<ul
  className="sc-1e38spu-0 hmhoqB"
>
  <span
    className="sc-1e38spu-0 sc-1e38spu-1 hDNzrP"
  >
    <div
      className="sc-1e38spu-0 gBsrEy"
    >
      <input
        className="sc-1e38spu-0 dggCgf"
        disabled={false}
        type="text"
        width={1}
      />
    </div>
  </span>
  <li
    className="sc-1e38spu-0 hxYmaN"
    width={1}
  >
    One
  </li>
  <li
    className="sc-1e38spu-0 hxYmaN"
    width={1}
  >
    Two
  </li>
  <li
    className="sc-1e38spu-0 hxYmaN"
    width={1}
  >
    Three
  </li>
</ul>
`;
