// Jest Snapshot v1, https://goo.gl/fbAQLP

exports[`Text renders correctly 1`] = `
<p
  className="sc-1e38spu-0 iYjEef"
>
  This is a text
</p>
`;

exports[`Text renders heading correctly 1`] = `
<h2
  className="sc-1e38spu-0 ebMOeq"
>
  This is a heading
</h2>
`;
