// Jest Snapshot v1, https://goo.gl/fbAQLP

exports[`Button primary 1`] = `
<button
  className="sc-1e38spu-0 sjBRv"
>
  Test
</button>
`;

exports[`Button secondary 1`] = `
<button
  className="sc-1e38spu-0 sjBRv"
>
  Test
</button>
`;
