// Jest Snapshot v1, https://goo.gl/fbAQLP

exports[`Badge primary 1`] = `
<span
  className="sc-1e38spu-0 dIAijm"
>
  Test
</span>
`;

exports[`Badge secondary 1`] = `
<span
  className="sc-1e38spu-0 dIAijm"
>
  Test
</span>
`;
