// Jest Snapshot v1, https://goo.gl/fbAQLP

exports[`Collapsible default 1`] = `
<div
  className="sc-1e38spu-0 fSmcDz"
>
  <button
    className="sc-1e38spu-0 isuzCg"
  >
    Estado
  </button>
</div>
`;
