// Jest Snapshot v1, https://goo.gl/fbAQLP

exports[`Dropdown default 1`] = `
<div
  className="sc-1e38spu-0 krtHmr"
>
  <button
    className="sc-1e38spu-0 jqnDsM"
    onClick={[Function]}
  >
    Opci√≥n elegida
  </button>
</div>
`;
