// Jest Snapshot v1, https://goo.gl/fbAQLP

exports[`Image renders correctly 1`] = `
<img
  className="sc-1e38spu-0 wOtIU"
  src="https://images.pexels.com/photos/1133957/pexels-photo-1133957.jpeg?auto=compress&cs=tinysrgb&dpr=2&h=650&w=940"
/>
`;
