// Jest Snapshot v1, https://goo.gl/fbAQLP

exports[`Label renders correctly 1`] = `
<label
  className="sc-1e38spu-0 sc-1e38spu-1 bjJIgP"
>
  This is a label
</label>
`;
