// Jest Snapshot v1, https://goo.gl/fbAQLP

exports[`Switch renders alt correctly 1`] = `
<button
  className="sc-1e38spu-0 eRLsv"
  role="switch"
/>
`;

exports[`Switch renders correctly 1`] = `
<button
  className="sc-1e38spu-0 eRLsv"
  role="switch"
/>
`;
